[OK] PlayStation Blog: 10 条
[FAIL] Xbox Wire: HTTP 403
[OK] Steam 官方新闻: 20 条
[OK] 必应资讯: 10 条
[OK] 必应资讯: 10 条
[OK] 必应资讯: 9 条
[OK] IGN: 20 条
[OK] GameSpot: 15 条
[OK] Eurogamer: 100 条
[OK] Gematsu: 20 条
[OK] PC Gamer: 50 条
[OK] Rock Paper Shotgun: 100 条
[OK] 机核: 20 条
[OK] 游研社: 12 条
[OK] 3DM游戏网: 34 条
[OK] 3DM厂商新闻: 34 条
[OK] 17173: 25 条
新增 18 条, 现有共 169 条
已生成 D:\game_news\index.html
[OK] PlayStation Blog: 10 条
[FAIL] Xbox Wire: HTTP 403
[FAIL] Steam 官方新闻: This operation was aborted
[OK] 必应资讯: 10 条
[OK] 必应资讯: 10 条
[OK] 必应资讯: 9 条
[OK] IGN: 20 条
[OK] GameSpot: 15 条
[OK] Eurogamer: 100 条
[OK] Gematsu: 20 条
[OK] PC Gamer: 50 条
[OK] Rock Paper Shotgun: 100 条
[OK] 机核: 20 条
[OK] 游研社: 12 条
[OK] 3DM游戏网: 34 条
[OK] 3DM厂商新闻: 34 条
[OK] 17173: 25 条
新增 32 条, 现有共 193 条
已生成 D:\game_news\index.html
[2026-07-31T02:18:03.168Z] [OK] 必应资讯(Xbox): 10 条
[2026-07-31T02:18:03.173Z] [OK] 必应资讯(腾讯): 10 条
[2026-07-31T02:18:03.356Z] [OK] 必应资讯(米哈游): 10 条
[2026-07-31T02:18:03.361Z] [OK] 必应资讯(网易): 10 条
[2026-07-31T02:18:03.988Z] [OK] Steam 官方新闻: 20 条
[2026-07-31T02:18:04.380Z] [OK] GameSpot: 15 条
[2026-07-31T02:18:04.772Z] [OK] IGN: 20 条
[2026-07-31T02:18:05.604Z] [OK] Eurogamer: 100 条
[2026-07-31T02:18:06.265Z] [OK] Rock Paper Shotgun: 100 条
[2026-07-31T02:18:06.514Z] [OK] 机核: 20 条
[2026-07-31T02:18:06.709Z] [OK] 游研社: 12 条
[2026-07-31T02:18:06.758Z] [OK] Gematsu: 20 条
[2026-07-31T02:18:06.797Z] [OK] 3DM游戏网: 37 条
[2026-07-31T02:18:06.846Z] [OK] 3DM厂商新闻: 37 条
[2026-07-31T02:18:06.910Z] [OK] 17173: 25 条
[2026-07-31T02:18:07.077Z] [OK] PC Gamer: 50 条
[2026-07-31T02:18:12.507Z] [FAIL] Xbox Wire: HTTP 403
[2026-07-31T02:18:18.308Z] [OK] PlayStation Blog: 10 条
[2026-07-31T02:18:18.391Z] 新增 132 条, 现有共 280 条
[2026-07-31T02:18:18.392Z] 已生成 D:\game_news\index.html
[2026-07-31T02:25:12.155Z] [OK] 必应资讯(腾讯): 10 条
[2026-07-31T02:25:12.159Z] [OK] 必应资讯(Xbox): 10 条
[2026-07-31T02:25:12.343Z] [OK] 必应资讯(网易): 10 条
[2026-07-31T02:25:12.346Z] [OK] 必应资讯(米哈游): 10 条
[2026-07-31T02:25:12.931Z] [OK] Steam 官方新闻: 20 条
[2026-07-31T02:25:13.365Z] [OK] GameSpot: 15 条
[2026-07-31T02:25:14.939Z] [OK] Gematsu: 20 条
[2026-07-31T02:25:15.744Z] [OK] PlayStation Blog: 10 条
[2026-07-31T02:25:16.109Z] [OK] PC Gamer: 50 条
[2026-07-31T02:25:16.407Z] [OK] 机核: 20 条
[2026-07-31T02:25:16.611Z] [OK] 游研社: 12 条
[2026-07-31T02:25:16.690Z] [OK] 3DM游戏网: 37 条
[2026-07-31T02:25:16.716Z] [OK] 3DM厂商新闻: 37 条
[2026-07-31T02:25:16.803Z] [OK] 17173: 25 条
[2026-07-31T02:25:17.110Z] [OK] Eurogamer: 100 条
[2026-07-31T02:25:17.442Z] [OK] IGN: 20 条
[2026-07-31T02:25:18.157Z] [OK] Rock Paper Shotgun: 100 条
[2026-07-31T02:25:22.120Z] [FAIL] Xbox Wire: HTTP 403
[2026-07-31T02:25:22.172Z] 新增 64 条, 现有共 280 条
[2026-07-31T02:25:22.172Z] 已生成 D:\game_news\index.html
[2026-07-31T02:32:50.990Z] [OK] 必应资讯(Xbox): 10 条
[2026-07-31T02:32:51.013Z] [OK] 必应资讯(腾讯): 10 条
[2026-07-31T02:32:51.183Z] [OK] 必应资讯(网易): 9 条
[2026-07-31T02:32:51.208Z] [OK] 必应资讯(米哈游): 10 条
[2026-07-31T02:32:51.492Z] [OK] Steam 官方新闻: 20 条
[2026-07-31T02:32:52.244Z] [OK] GameSpot: 15 条
[2026-07-31T02:32:52.271Z] [OK] Eurogamer: 100 条
[2026-07-31T02:32:52.950Z] [OK] IGN: 20 条
[2026-07-31T02:32:52.996Z] [OK] Gematsu: 20 条
[2026-07-31T02:32:53.241Z] [OK] PC Gamer: 50 条
[2026-07-31T02:32:53.280Z] [OK] 机核: 20 条
[2026-07-31T02:32:53.355Z] [OK] 3DM游戏网: 37 条
[2026-07-31T02:32:53.381Z] [OK] 3DM厂商新闻: 37 条
[2026-07-31T02:32:53.427Z] [OK] 游研社: 12 条
[2026-07-31T02:32:53.496Z] [OK] 17173: 25 条
[2026-07-31T02:32:53.842Z] [OK] Rock Paper Shotgun: 100 条
[2026-07-31T02:32:56.748Z] [OK] PlayStation Blog: 10 条
[2026-07-31T02:33:01.621Z] [FAIL] Xbox Wire: HTTP 403
[2026-07-31T02:52:04.639Z] [OK] 必应资讯(Xbox): 10 条
[2026-07-31T02:52:04.641Z] [OK] 必应资讯(腾讯): 10 条
[2026-07-31T02:52:04.837Z] [OK] 必应资讯(网易): 9 条
[2026-07-31T02:52:04.840Z] [OK] 必应资讯(米哈游): 10 条
[2026-07-31T02:52:05.169Z] [OK] Steam 官方新闻: 20 条
[2026-07-31T02:52:06.124Z] [OK] Eurogamer: 100 条
[2026-07-31T02:52:07.099Z] [OK] Gematsu: 20 条
[2026-07-31T02:52:07.687Z] [OK] GameSpot: 15 条
[2026-07-31T02:52:08.283Z] [OK] PlayStation Blog: 10 条
[2026-07-31T02:52:08.544Z] [OK] 机核: 20 条
[2026-07-31T02:52:08.743Z] [OK] Rock Paper Shotgun: 100 条
[2026-07-31T02:52:08.748Z] [OK] 游研社: 12 条
[2026-07-31T02:52:08.831Z] [OK] 3DM游戏网: 37 条
[2026-07-31T02:52:08.835Z] [OK] 3DM厂商新闻: 37 条
[2026-07-31T02:52:08.953Z] [OK] 17173: 25 条
[2026-07-31T02:52:08.963Z] [OK] PC Gamer: 50 条
[2026-07-31T02:52:13.032Z] [FAIL] Xbox Wire: HTTP 403
[2026-07-31T02:52:36.039Z] [OK] IGN: 20 条
[2026-07-31T02:53:41.913Z] 翻译(mymemory): 成功 133 条, 失败/跳过 270 条(保留原文)
[2026-07-31T02:53:41.945Z] 新增 64 条, 现有共 281 条
[2026-07-31T02:53:41.946Z] 已生成 D:\game_news\index.html
[2026-08-11T03:35:52.882Z] [OK] 必应资讯(Xbox): 10 条
[2026-08-11T03:35:52.886Z] [OK] 必应资讯(腾讯): 10 条
[2026-08-11T03:35:53.071Z] [OK] 必应资讯(网易): 10 条
[2026-08-11T03:35:53.081Z] [OK] 必应资讯(米哈游): 10 条
[2026-08-11T03:35:53.819Z] [OK] Steam 官方新闻: 20 条
[2026-08-11T03:35:54.013Z] [OK] PlayStation Blog: 10 条
[2026-08-11T03:35:54.998Z] [OK] GameSpot: 15 条
[2026-08-11T03:35:55.136Z] [OK] IGN: 20 条
[2026-08-11T03:35:55.294Z] [OK] Eurogamer: 100 条
[2026-08-11T03:35:55.321Z] [OK] Gematsu: 20 条
[2026-08-11T03:35:55.513Z] [OK] 游研社: 12 条
[2026-08-11T03:35:55.587Z] [OK] 机核: 20 条
[2026-08-11T03:35:55.741Z] [OK] 3DM游戏网: 33 条
[2026-08-11T03:35:55.823Z] [OK] 17173: 25 条
[2026-08-11T03:35:55.914Z] [OK] Rock Paper Shotgun: 100 条
[2026-08-11T03:35:55.951Z] [OK] 3DM厂商新闻: 33 条
[2026-08-11T03:36:00.011Z] [FAIL] Xbox Wire: HTTP 403
[2026-08-11T03:36:33.145Z] [FAIL] PC Gamer: fetch failed
[2026-08-11T03:37:23.039Z] 翻译(mymemory): 成功 114 条, 失败/跳过 194 条(保留原文)
[2026-08-11T03:37:23.080Z] 新增 150 条, 现有共 316 条
[2026-08-11T03:37:23.081Z] 已生成 D:\game_news\index.html
